interactions:
- request:
    body: '{}'
    headers:
      Accept:
      - '*/*'
      Accept-Encoding:
      - application/json
      Connection:
      - keep-alive
      Content-Length:
      - '2'
      Content-Type:
      - application/json
      User-Agent:
      - python-requests/2.32.3
    method: POST
    uri: https://share2.dexcom.com/ShareWebServices/Services/Publisher/ReadPublisherLatestGlucoseValues?maxCount=0&minutes=0&sessionId=55555555-5555-5555-5555-555555555555
  response:
    body:
      string: '[]'
    headers:
      CF-Cache-Status:
      - DYNAMIC
      CF-RAY:
      - 932de03f6ef332c5-PHL
      Connection:
      - keep-alive
      Content-Type:
      - application/json
      Date:
      - Sat, 19 Apr 2025 16:46:04 GMT
      Server:
      - cloudflare
      Transfer-Encoding:
      - chunked
      X-Content-Type-Options:
      - nosniff
      strict-transport-security:
      - max-age=15780000; includeSubDomains; preload
      vary:
      - Origin
      - Access-Control-Request-Method
      - Access-Control-Request-Headers
      x-trace-id:
      - 509f2fc3-c31e-4ca9-a5d8-31ba42630590
    status:
      code: 200
      message: OK
- request:
    body: '{}'
    headers:
      Accept:
      - '*/*'
      Accept-Encoding:
      - application/json
      Connection:
      - keep-alive
      Content-Length:
      - '2'
      Content-Type:
      - application/json
      User-Agent:
      - python-requests/2.32.3
    method: POST
    uri: https://share2.dexcom.com/ShareWebServices/Services/Publisher/ReadPublisherLatestGlucoseValues?maxCount=0&minutes=0&sessionId=55555555-5555-5555-5555-555555555555
  response:
    body:
      string: '[]'
    headers:
      CF-Cache-Status:
      - DYNAMIC
      CF-RAY:
      - 932df55fbf444cac-PHL
      Connection:
      - keep-alive
      Content-Type:
      - application/json
      Date:
      - Sat, 19 Apr 2025 17:00:30 GMT
      Server:
      - cloudflare
      Transfer-Encoding:
      - chunked
      X-Content-Type-Options:
      - nosniff
      strict-transport-security:
      - max-age=15780000; includeSubDomains; preload
      vary:
      - Origin
      - Access-Control-Request-Method
      - Access-Control-Request-Headers
      x-trace-id:
      - 58bfe752-7b25-4973-b903-3037e9e7294b
    status:
      code: 200
      message: OK
- request:
    body: '{}'
    headers:
      Accept:
      - '*/*'
      Accept-Encoding:
      - application/json
      Connection:
      - keep-alive
      Content-Length:
      - '2'
      Content-Type:
      - application/json
      Cookie:
      - _cfuvid=KORRTCDGxX3tRuupxAKH3wgnDzJYW7dr6zoPlD6waH0-1750023276110-0.0.1.1-604800000
      User-Agent:
      - python-requests/2.32.3
    method: POST
    uri: https://share2.dexcom.com/ShareWebServices/Services/Publisher/ReadPublisherLatestGlucoseValues?maxCount=0&minutes=0&sessionId=55555555-5555-5555-5555-555555555555
  response:
    body:
      string: '[]'
    headers:
      CF-RAY:
      - 950531449b2e0f9b-EWR
      Connection:
      - keep-alive
      Content-Type:
      - application/json
      Date:
      - Sun, 15 Jun 2025 21:34:36 GMT
      Server:
      - cloudflare
      Transfer-Encoding:
      - chunked
      X-Content-Type-Options:
      - nosniff
      cf-cache-status:
      - DYNAMIC
      strict-transport-security:
      - max-age=15780000; includeSubDomains; preload
      vary:
      - Origin
      - Access-Control-Request-Method
      - Access-Control-Request-Headers
      x-trace-id:
      - c3f539bc-1a54-4e47-82d0-d059cd83ff6f
    status:
      code: 200
      message: OK
version: 1
